{
    "botNameLength": 19,
    "commitNode": "0xa56364696478206469643a706c633a70797a6c7a71743662326e7972686137736d667279367276637265766d336c64696d636434787565326c6464617461d82a58250001711220579ab986bd5c70e567b63c9eb807810668700c49b3d775377fc1c7b41b91aa5e6470726576f66776657273696f6e03",
    "content": [
        "0xa564746578747842406262732e756e636f6e73656e7375732e636f6d2054686973207365656d7320746f20626520676f696e6720626574746572207468616e2049206578706563746564652474797065726170702e62736b792e666565642e706f7374656c616e67738162656e6666616365747381a3652474797065776170702e62736b792e72696368746578742e666163657465696e646578a26762797465456e6414696279746553746172740068666561747572657381a26364696478206469643a706c633a67637a61733776686c6f6776776533676d69646a366a7a34652474797065781f6170702e62736b792e72696368746578742e6661636574236d656e74696f6e696372656174656441747818323032342d31322d31375430393a35343a32302e3738375a"
    ],
    "did": "did:plc:pyzlzqt6b2nyrha7smfry6rv",
    "nodeHints": [
        1,
        4,
        6,
        6,
        7,
        6,
        1,
        1,
        1
    ],
    "nodes": [
        "0xa2616587a4616b58206170702e62736b792e666565642e706f73742f336c64696c357a6f67643232616170006174f66176d82a58250001711220809a87df451244c6cfa710c8746874d1da8089e5f26735418deccd7eee167005a4616b48753571746e733276617018186174f66176d82a58250001711220eea416409026f3300925ca8dff239e93f1e39757f3f72122c29a87fcdffd689aa4616b547265706f73742f336a76796c366c6e376f79327461700e6174f66176d82a58250001711220bc843928329a6d5fb01b434969847ef8afa2d9a6f6a162db57c3a04d6aaad5e4a4616b496d35786b6e65633264617018196174f66176d82a5825000171122091e9a0ced15a7c538721fd3aceb123107cca1d847da97aaf92c806c0fa09fd16a4616b4b773336796a7465696d32646170176174f66176d82a582500017112200766225d4052baff9de84dce3885f7f0addb7a169d0f242bbd3b5711426794cba4616b4a35357961337275733270617018186174f66176d82a58250001711220e52f82ae35a9c19e24dc71c58cd19c0cffb58e2ed339173ad114699a7305986da4616b49716d7a70647932326f617018196174f66176d82a582500017112207f42b2416430e1f2ce945fab6f5c683c8dbf63f691e66134db70dbc00cac78c4616cf6",
        "0xa2616589a4616b58206170702e62736b792e666565642e706f73742f336c646168747361776863326b6170006174f66176d82a582500017112201f14cf54023b8394bee411d43ba472c06a2091469077383d90b658ffea1880aea4616b4a646977347a68333232616170166174d82a582500017112203c2ce40307a3b80e42c3023291c57642a955b1405e642714d42f3b22ead46a5a6176d82a58250001711220583b7b4f2a2a37afbbdd199715e64527f916689269216602fb66b8c32c675ce7a4616b4a6762676a6836373232636170166174f66176d82a58250001711220d61f0a4154e814faba0967955dbec17f8b853fe8530c6a2c7d26f80eb0fe7e5fa4616b4a6961656770347263326a6170166174d82a582500017112206b4f2bccb7cdcf830acdc06259c5ffa79f1888ae5a659b516e175520ecd8630f6176d82a58250001711220ac83c3ff750ca11175cdeb7d0712d9ef20986e6cf929f311e530cc314eb074aaa4616b547265706f73742f336a773767657432616d64326a61700e6174d82a58250001711220c69eda3c574cb94b1b46142e138a9dede4be83dc891ca6d8534436dd5564e7a36176d82a582500017112207495587e4a0e812d1b4e5516c84985d860850c5b23d919db44cc632456140cdea4616b4a65657a6133646832326a617018186174f66176d82a58250001711220d835e59a9186214633d19fcdd0b42521a612710e83c40b9da02dbfaa4fbd94d3a4616b4a6634736e676c6b74326d617018186174d82a58250001711220895b95154c6049d494d0f0ba2a170426e94c14412ed5789217fd46d8617446fd6176d82a58250001711220299c79060c79c45c395c529c9b85e0547dfc2a4f5abdff94ce05fba788efaa54a4616b4a6a37353669736d733276617018186174f66176d82a582500017112208154150aa3cf9a577a07e5a58f763c62eba7fd1f84a8309514a496901bd8a3eda4616b497275366c6c70733266617018196174d82a58250001711220b351dccfbc904fd3c5bb5ca025d58123fef6d282acf820649ecbe7f92adb31756176d82a58250001711220bfe7e527bff41e05b3943d382d1a777fbf403b5339072f1f612b88711ac7a393616cd82a582500017112209cb3665b8db55c3199aaa1f8a6d9eae566d5528981465ba6a53c01361a6d64f2",
        "0xa2616586a4616b58206170702e62736b792e666565642e706f73742f336c61373336716d7a6e6a32766170006174d82a5825000171122057049abbcab333e9e33a286b4ba3323e036c3425edd6cf2c846a8e4205ca5ff46176d82a582500017112202fad17e4fccea10365c7546bbec10341fadd2db99a1c875df32c95e92de82a4aa4616b4a65377a6b6e74657032676170166174d82a58250001711220b321c7dfafa34c84d37b2b57363c821a6048ea094074bede31c85e088522f5c96176d82a582500017112203d71a38721951ab97087eafaa25ff48496e5f1718d9f815eb022a043fe89a7a8a4616b4b6233797162616e356b32716170156174d82a582500017112208750d512b092ff8542085f5c6fef0a734ed5bc8d5fe2929c2bb163ddacbb92666176d82a58250001711220222d84d769c4fa52066607e796576016ad877c2df4e9597e6da2bff3687219c4a4616b4a6367783636736a6332626170166174d82a5825000171122007cf1f8113fc5dcf9e888bd44daf25183e21847b80193654167d379babfe04656176d82a58250001711220a1a92f90bc8b54b39c91902f8cd44c780524ee8d2abf394219edf144efae29bda4616b4b64367161616a6e6e6b32656170156174d82a58250001711220083d3eaaca583959a859077fe40230a59184f18c93f7c876874ed358076538016176d82a582500017112202dd264b64ba0de13236e84f5968396bbac97f25d20dbfbd6ad1688c25401488da4616b4a6162773475766773326b6170166174d82a582500017112204b776dd5d7b5384e6e869bc955bf929cb65e03066f953b0f69f54a13c65575456176d82a582500017112204dfba45b42fc67ae4fe4adf1c78897e6c68870207bd131e199450bb8d404ee84616cd82a5825000171122005c9ad338e6718e9e22eb0c2d832ff624bdc5f7bf89f02a4b8e5efdad2aedb38",
        "0xa261658aa4616b58206170702e62736b792e666565642e706f73742f336b77377677647070366832786170006174d82a58250001711220fad8dc8c46948eb1e56ca3800803ce3ee5f520485c372f3aaf32e2a35e100d286176d82a582500017112202e2014590e547513a7b43cb0ccc0748616c99de778b2d091762d413df9ba4ef1a4616b4b786f6d32726e727a6b32666170156174d82a5825000171122002982c1d863749e97d9849405388b7018075ec83a0b7f71f9a7e387f57cd03c06176d82a582500017112208316b239e13ac7ef4df21d7be452c7a05928cd62754325e3458ae608ea23e90ca4616b4c6c34326f79646d766e3332646170146174d82a5825000171122064e4b07cd70d70b9c5250698f4ef5bc6871ee2b36c811487eae4756cdfc7ab9f6176d82a58250001711220b84ae5ea248aaed7e44a7fd297517332d8728a327079533f2d5577e904226811a4616b4b373564696b6b78376132336170156174d82a58250001711220b4ed3b8366fe767fd9de0a8448f85f7622ae1fcfa713ae0595d0ed176fc3de2c6176d82a58250001711220464e4e4e2d47414c5280424225432edd4dd79d672437c7c26169536a69ccc7a0a4616b4a756f6b6f326c376332676170166174d82a582500017112207393429f515802808fff96bb13823eb632cf4c8100985f83e94ab3d91739fa9a6176d82a582500017112204f89c398df85cd77420ca026dabb56795a692b106c5111a26c48e7b1c7aa4089a4616b4b613276336b6f6f376d327a6170156174d82a58250001711220848c2a7cfba48c5482ccf06d02fa6e67b4f1839e10e1fe9e6c4cd06d9dd38a996176d82a58250001711220e4c16e7f8961eef9566bf93414b665920bc88c1901dfab8fcde560c690bfe0e6a4616b547265706f73742f336a777674767868776e32326661700e6174d82a582500017112207763638ce32c14bd1fcf6f459449427c0d8e5a88624955b5b6d80e27b118adfd6176d82a582500017112205706b43b03b5c5612ffe6a8cbf8c1244f322ad34ba69836c4c4ca627141e2c14a4616b4c6b616b746b617333637232626170166174d82a582500017112201ab8e97f16e4a34d29379bc6b106ad4b477bd34a48a475fdb2eb6e1e8d5d0bad6176d82a58250001711220bc19d346ca143d4c85db61a7ef318757fb5d6b6efcf790eef571b44c260ef315a4616b4b6265336a707574346a32376170176174d82a5825000171122009927ccecb53b84b2242e0bc73ee07e435f1d393e0dc4728a3812c5752685e826176d82a58250001711220f3b87f44eb8618b0e79d62a594206f3772d9d492acd87396f0a1d3e781082f00a4616b4a7962776e657935683275617018186174d82a582500017112201f5a8359235a6fe9f44ae69c770e7a2e1d1e2019e3e655b6db2c5262dd1483816176d82a582500017112207968263ee04343c34035995426dcdfb48c80f2f559ffe3829a34591360d4d4a3616cd82a58250001711220f85701e191ded8ac0eeb429d91910db7981b34553cdb28852c6ac32df9d9c350",
        "0xa2616587a4616b58206170702e62736b792e666565642e6c696b652f336c627373366e6232786632706170006174d82a582500017112207636df71eed140f5ae8ae6ec151b76487403ce9274d69ce3003cd7a8d7604cfb6176d82a58250001711220b4061a8ee56643ca679dcc08f4d7699115be4fb67b0a58ea5cec2fca2cb8f59ea4616b4b64326f3373796f706432776170156174d82a5825000171122074538d656bf107b526b33e7c17a3b4e3203eeaa3c1714290ff58e5c68175bf2a6176d82a582500017112202209506bd728530f099feb1ac26c7bb20dd32ea8643ce18b3a9f1dab7a95eaa9a4616b4a646a707a74726f6c32776170166174d82a58250001711220cfb7f4eec182e5390bcbbfc110771eb7ebdc3d675e493185aa1e572567cdfa2a6176d82a582500017112202dc0c5b086096aefef668254a22380b396a97c22f9b07e8934af5a57957e6498a4616b48756b76356c373235617018186174d82a58250001711220e77527efea44d571cf33b4e8eab1a2382b0c44247db34f3fe7653ba3f29ad8f26176d82a5825000171122076f7eb1ef41b3d68c444ed1c6c8b6584c617f7de421230944792f22a5e037e18a4616b52706f73742f336b353576366c766c3635327161700e6174d82a5825000171122046351f0f69032b5c95bdf84a7c67501b23dcd8cd02ebe0f08a104137e83192786176d82a5825000171122016f1c32995081156f4c966e683a6920a370997dc6e8158781d1a9c66032b543da4616b4b686b77647236696f6e32746170156174d82a58250001711220c96262e4d5c3ee39d707f5ef89c6ab7925bec64b95d045faf5d791756d7204806176d82a58250001711220cc268afb430320739f95d1f195959df1370d8d9b09251c25545c28ccb18df8b1a4616b4b723774646a346c653732696170156174d82a58250001711220baf7d1b35b2ed005a9c23ddd3b66afbeda22c58e8384852d1cf6a4a32abb4e236176d82a5825000171122030aab7db651099765a4baf0f8c414973248a26071232644d328cde28bf832508616cd82a582500017112203b123c15a73ee81e07a27d6bf272cb9be35fdd2887e3a929d665000876bca36b",
        "0xa261658ba4616b58206170702e62736b792e666565642e6c696b652f336b69376861693336636f32666170006174d82a582500017112205973d679ed71c310b8750ecaf4b2ee1e896a5fe1f4a96c1228b0cd26dc7c33666176d82a58250001711220a6233f46dfae1bc77bcb26f6b831cca7117eb2ca456120ee6836754a22c75eeda4616b4a6d6e7a7636647134326a6170166174d82a5825000171122042b60557930bed10de6846c4fd41d978cc215f62617b10423e8c6f5026e567ce6176d82a58250001711220131371edf7afde560e0ef2ffbaee64165209016976f2cbd949e5a41be0339db0a4616b4b6c63646136736d736c32356170156174d82a58250001711220daf8016040f6aa1edc99e365c91ee9360c444719aceffa93e8a5f0153cfcb7d86176d82a5825000171122029a708bbafd5ebb17f6d9444de78230010fc9eef3892828296ef4fb3ef8d6c45a4616b4c6c336f6e373737356e7a32636170146174d82a5825000171122010632ed618ea3fdc6fff726cf11c479fba52a225aad175b5ffe757d6496b380e6176d82a582500017112209e468154251156474dee45a963d84e1a45a387ab398e131f19ae75b0a166e31ea4616b4b347568696e66616e61326b6170156174d82a582500017112205ebaa1c4303a0f33c1dfdadeaeccf5870ccdfe7bf428b3e2dc05a6e42929c3c76176d82a58250001711220c15aaf9fede544df9a5fa821d238f75bf27303005415b7cf2c4e787575882ab2a4616b4b62726671716d69713432726170156174d82a58250001711220f9199f4b1995c55cad2f35481575818ea95dac0b77ee0e48699dbda1b0bdfb616176d82a58250001711220fd72576c0a2c2266f6166839607d1cce9f528abb9c1502123ee2f18b2134eb88a4616b547265706f73742f336b656d67707a79347469326a61700e6174d82a58250001711220be5c0cf3af657a6fdc47f653ec841436ca665d6d6430b5e93c293244515138516176d82a58250001711220e69e93d3c18f67e059a38c02e7a486af47c89a2959f13f4b2d6b61fe130b58a1a4616b581a67726170682e666f6c6c6f772f336a7768777067336c3673326c6170096174d82a58250001711220a58214222b2dc2a4a4d7470ca219b2acbab913981d54099045e4a1f1ca0417a56176d82a582500017112208b56f3339ce18a8ae29557f317aeba1793b756e9b3b5638f9d89cba7b1198711a4616b4c6c327979346d7663673332736170176174d82a58250001711220efd38b5f5d4fad76a02e1bf9d1924dbc173bd6a5bc9fe9ccb4f7628f20e128916176d82a58250001711220c3b0c8dba96e9e47b6f6cfb1e9f4cd77520a2d64651d72612a6a74dfca2b7f1aa4616b4b34693372667a63616f326d617018186174d82a58250001711220b2acfca8f4907be70af70e0994fc263cde9aa4838f6b46922c845481791ddf346176d82a58250001711220b1773b0d5215ec2fe6f656cccfb4612e73c5335d67c871935033da12be5e77d2a4616b4a7536763765326275326a617018196174d82a58250001711220f69c8afe642826cc09a236a93c70cad645281ecba6af45e52c7c269ef8ba289b6176d82a582500017112202db169bcfd9a359b3de7da4ccd6b3199e2ddfe7e080b39ef33c09a39720a13dd616cd82a58250001711220eb53ab244cb3762aeb7f4bc61e1593326892f4d69beebf88951ccf5d1651c92f",
        "0xa2616581a4616b58206170702e62736b792e666565642e6c696b652f336b6836716e637734326632666170006174d82a5825000171122064daea907ea9e9827fd157d790b3dfdd964e4ac2b87432136933581c2a1772436176d82a582500017112202fae4253ddd7b85e939292cc6fff422b6b69e38282660865d558ffef30c0fa15616cd82a582500017112203c66509cee34ec668f830f509ca5b9d11d58b66b488debaf4c62b17e52d5989e",
        "0xa2616581a4616b58206170702e62736b792e666565642e6c696b652f336b6536647163676a717332736170006174d82a58250001711220940b3f5db96a18d3a4a1af02898038bd2ed1acaf21f7dd82e7e5d5bef69343f36176d82a58250001711220198c8873227ff087d9ca44348cde6a6b7ce81f1f1c603e5b0a1621a98a40f2b1616cd82a582500017112202761238a7600c49e5ec103c81b7d2d87cb1421bb27ed3beb3613c246def9e0c6",
        "0xa2616581a4616b58206170702e62736b792e666565642e6c696b652f336b6378746e733262633732376170006174d82a5825000171122084a90c123d4416f8384bfb3de7ddae7e85d5408dbd9bef09a68aeebea9054b9d6176d82a582500017112209d551ae678d25049c758864e4ebc71299048913ad319076e843f5764b0627d16616cd82a58250001711220bb59a565131dd5853ce309f70c64e8e7001aa3d8864738174b4aab81ea31bfcf"
    ],
    "r": "0x4a998e861f75bccf73b05b98c52382fdec0589caeae308498255139b9cfa74ae",
    "rkey": "3ldil5zogd22a",
    "s": "0x34891842a4d6bcdcf8e39395f60d79c84832ab06bdc76b3fba93b623b7ca1732"
}